// Jest Snapshot v1, https://goo.gl/fbAQLP

exports[`Cms Image Component should be created 1`] = `
<a class="teaser-link" href="http://example.com" title="bar"
  ><img class="foo" ng-reflect-ng-class="foo" src="http://example.com/foo/bar.png" alt="foo"
/></a>
`;
