// Jest Snapshot v1, https://goo.gl/fbAQLP

exports[`Content Include Mapper should convert a complex example to complex type 1`] = `
Object {
  "include": Object {
    "configurationParameters": Object {},
    "definitionQualifiedName": "fq",
    "id": "include-id",
    "pageletIDs": Array [
      "pagelet1",
      "pagelet2",
    ],
  },
  "pagelets": Array [
    Object {
      "configurationParameters": Object {
        "key1": "hallo 1",
      },
      "definitionQualifiedName": "fq",
      "id": "pagelet1",
      "slots": Array [
        Object {
          "configurationParameters": Object {},
          "definitionQualifiedName": "fq",
          "pageletIDs": Array [
            "pagelet11",
          ],
        },
      ],
    },
    Object {
      "configurationParameters": Object {
        "key11": "test",
      },
      "definitionQualifiedName": "fq",
      "id": "pagelet11",
      "slots": Array [],
    },
    Object {
      "configurationParameters": Object {},
      "definitionQualifiedName": "fq",
      "id": "pagelet2",
      "slots": Array [],
    },
  ],
}
`;
