// Jest Snapshot v1, https://goo.gl/fbAQLP

exports[`Cms Carousel Component should be created 1`] = `
<div class="foo-class" ng-reflect-ng-class="foo-class">
  <ish-content-slot ng-reflect-slot="app_sf_base_cm:slot.carousel.i" ng-reflect-wrapper="true"
    ><div>
      <ngb-carousel
        class="carousel slide"
        tabindex="0"
        ng-reflect-interval="0"
        ng-reflect-show-navigation-arrows="false"
        style="display: block;"
        ><div class="carousel-inner">
          <div class="carousel-item active">
            <div class="row">
              <div class="col-sm-6" ng-reflect-ng-class="col-sm-6">
                <ish-content-pagelet ng-reflect-pagelet-id="slide1"></ish-content-pagelet>
              </div>
              <div class="col-sm-6" ng-reflect-ng-class="col-sm-6">
                <ish-content-pagelet ng-reflect-pagelet-id="slide2"></ish-content-pagelet>
              </div>
            </div>
          </div></div
      ></ngb-carousel></div
  ></ish-content-slot>
</div>
`;
