// Jest Snapshot v1, https://goo.gl/fbAQLP

exports[`Filter Checkbox Component should be created 1`] = `
<div
  id="root0"
  ng-version="7.1.2"
>
  <div
    class="filter-group"
  >
    <h3
      aria-controls="collapseFilter"
      aria-expanded="true"
    >
       Brands 
      
      <fa-icon
        class="float-right ng-fa-icon"
        ng-reflect-icon-prop="fas,angle-down"
      >
        <svg
          aria-hidden="true"
          class="svg-inline--fa fa-angle-down fa-w-10"
          data-icon="angle-down"
          data-prefix="fas"
          role="img"
          viewBox="0 0 320 512"
          xmlns="http://www.w3.org/2000/svg"
        >
          <path
            d="M143 352.3L7 216.3c-9.4-9.4-9.4-24.6 0-33.9l22.6-22.6c9.4-9.4 24.6-9.4 33.9 0l96.4 96.4 96.4-96.4c9.4-9.4 24.6-9.4 33.9 0l22.6 22.6c9.4 9.4 9.4 24.6 0 33.9l-136 136c-9.2 9.4-24.4 9.4-33.8 0z"
            fill="currentColor"
          />
        </svg>
      </fa-icon>
      
    </h3>
    <ul
      class="filter-list"
    >
      
      
      
      
      
      
      <li
        class="filter-item filter-selected"
      >
        <span
          class="icon-selected"
        />
        Logitech 
        <a
          class="filter-clear"
        >
          <fa-icon
            class="float-right ng-fa-icon"
            ng-reflect-icon-prop="fas,minus"
          >
            <svg
              aria-hidden="true"
              class="svg-inline--fa fa-minus fa-w-14"
              data-icon="minus"
              data-prefix="fas"
              role="img"
              viewBox="0 0 448 512"
              xmlns="http://www.w3.org/2000/svg"
            >
              <path
                d="M416 208H32c-17.67 0-32 14.33-32 32v32c0 17.67 14.33 32 32 32h384c17.67 0 32-14.33 32-32v-32c0-17.67-14.33-32-32-32z"
                fill="currentColor"
              />
            </svg>
          </fa-icon>
        </a>
      </li>
      
    </ul>
    <ul
      class="filter-list collapse show"
      id="collapseFilter"
      ng-reflect-collapsed="false"
    >
      
      
      
      <li
        class="filter-item"
      >
        <a
          class="filter-item-name"
          data-testing-id="filter-link-AsusName"
        >
          <span
            class="icon-notselected"
          />
          Asus 
        </a>
      </li>
      
      
      
      
    </ul>
  </div>
</div>
`;
