// Jest Snapshot v1, https://goo.gl/fbAQLP

exports[`Component Schematic should create a component 1`] = `
Array [
  "/projects/bar/src/app/projects/bar/src/app/foo/foo.component.css",
  "/projects/bar/src/app/projects/bar/src/app/foo/foo.component.ts",
  "/projects/bar/src/app/projects/bar/src/app/foo/foo.component.html",
  "/projects/bar/src/app/projects/bar/src/app/foo/foo.component.spec.ts",
]
`;

exports[`Component Schematic should create a component 2`] = `
"import { BrowserModule } from '@angular/platform-browser';
import { NgModule } from '@angular/core';

import { AppComponent } from './app.component';
import { FooComponent } from './foo/foo.component';

@NgModule({
  declarations: [
    AppComponent,
    FooComponent
  ],
  imports: [
    BrowserModule
  ],
  providers: [],
  bootstrap: [AppComponent]
})
export class AppModule { }
"
`;
