// Jest Snapshot v1, https://goo.gl/fbAQLP

exports[`Cms Container Component should be created 1`] = `
<div
  class="content-container col-12 col-md-6 col-lg-4 float-left foo-class"
  ng-reflect-klass="content-container"
  ng-reflect-ng-class="col-12 col-md-6 col-lg-4 float"
>
  <ish-content-slot
    ng-reflect-slot="app_sf_responsive_cm:slot.cont"
    ng-reflect-pagelet="[object Object]"
    ng-reflect-wrapper="true"
    ><ish-content-pagelet ng-reflect-pagelet="[object Object]"></ish-content-pagelet
    ><ish-content-pagelet ng-reflect-pagelet="[object Object]"></ish-content-pagelet
  ></ish-content-slot>
</div>
`;
