// Jest Snapshot v1, https://goo.gl/fbAQLP

exports[`Product Links List Component should be created 1`] = `
<div class="product-list-container">
  <h2></h2>
  <div class="product-list">
    <div class="product-list-item list-view">
      <ish-product-item-container
        ng-reflect-product-sku="sku"
        ng-reflect-configuration="[object Object]"
      ></ish-product-item-container>
    </div>
  </div>
</div>
`;
