// Jest Snapshot v1, https://goo.gl/fbAQLP

exports[`Cms Container Component should be created 1`] = `
<div
  id="root0"
  ng-version="7.1.4"
>
  <div
    class="content-container col-12 col-md-6 col-lg-4 float-left foo-class"
    ng-reflect-klass="content-container"
    ng-reflect-ng-class="col-12 col-md-6 col-lg-4 float"
  >
    <ish-slot-wrapper
      ng-reflect-pagelet="[object Object]"
      slot="app_sf_responsive_cm:slot.container.content.pagelet2-Slot"
    >
      outlet
    </ish-slot-wrapper>
  </div>
</div>
`;
