// Jest Snapshot v1, https://goo.gl/fbAQLP

exports[`Sub Category Navigation Component should be created 1`] = `
<div
  id="root0"
  ng-version="7.1.4"
>
  
  <ul
    class="category-level1 dropdown-menu"
    ng-reflect-klass="category-level1"
    ng-reflect-ng-class="[object Object]"
  >
    
    <li
      class="main-navigation-level1-item"
      ng-reflect-klass="main-navigation-level1-item"
      ng-reflect-ng-class="[object Object]"
    >
      <a
        href="/category/A.1"
        ng-reflect-ng-style="[object Object]"
        ng-reflect-router-link="/category,A.1"
      >
        CAT_A1
      </a>
      
      <a
        class="dropdown-toggle d-md-none"
        ng-reflect-klass="dropdown-toggle"
        ng-reflect-ng-class="[object Object]"
      >
        
        <fa-icon
          class="ng-fa-icon"
          ng-reflect-icon-prop="fas,plus"
        >
          <svg
            aria-hidden="true"
            class="svg-inline--fa fa-plus fa-w-14"
            data-icon="plus"
            data-prefix="fas"
            role="img"
            viewBox="0 0 448 512"
            xmlns="http://www.w3.org/2000/svg"
          >
            <path
              d="M416 208H272V64c0-17.67-14.33-32-32-32h-32c-17.67 0-32 14.33-32 32v144H32c-17.67 0-32 14.33-32 32v32c0 17.67 14.33 32 32 32h144v144c0 17.67 14.33 32 32 32h32c17.67 0 32-14.33 32-32V304h144c17.67 0 32-14.33 32-32v-32c0-17.67-14.33-32-32-32z"
              fill="currentColor"
            />
          </svg>
        </fa-icon>
        
      </a>
      
      <ish-sub-category-navigation
        ng-reflect-category="[object Object]"
        ng-reflect-sub-categories-depth="2"
      >
        
        <ul
          class="category-level2"
          ng-reflect-klass="category-level2"
          ng-reflect-ng-class="[object Object]"
        >
          
          <li
            class="main-navigation-level2-item"
            ng-reflect-klass="main-navigation-level2-item"
            ng-reflect-ng-class="[object Object]"
          >
            <a
              href="/category/A.1.a"
              ng-reflect-ng-style="[object Object]"
              ng-reflect-router-link="/category,A.1.a"
            >
              CAT_A1a
            </a>
            
            <a
              class="dropdown-toggle d-md-none"
              ng-reflect-klass="dropdown-toggle"
              ng-reflect-ng-class="[object Object]"
            >
              
              <fa-icon
                class="ng-fa-icon"
                ng-reflect-icon-prop="fas,plus"
              >
                <svg
                  aria-hidden="true"
                  class="svg-inline--fa fa-plus fa-w-14"
                  data-icon="plus"
                  data-prefix="fas"
                  role="img"
                  viewBox="0 0 448 512"
                  xmlns="http://www.w3.org/2000/svg"
                >
                  <path
                    d="M416 208H272V64c0-17.67-14.33-32-32-32h-32c-17.67 0-32 14.33-32 32v144H32c-17.67 0-32 14.33-32 32v32c0 17.67 14.33 32 32 32h144v144c0 17.67 14.33 32 32 32h32c17.67 0 32-14.33 32-32V304h144c17.67 0 32-14.33 32-32v-32c0-17.67-14.33-32-32-32z"
                    fill="currentColor"
                  />
                </svg>
              </fa-icon>
              
            </a>
            
          </li>
        </ul>
      </ish-sub-category-navigation>
    </li>
    <li
      class="main-navigation-level1-item"
      ng-reflect-klass="main-navigation-level1-item"
      ng-reflect-ng-class="[object Object]"
    >
      <a
        href="/category/A.2"
        ng-reflect-ng-style="[object Object]"
        ng-reflect-router-link="/category,A.2"
        style="width: 100%;"
      >
        CAT_A2
      </a>
      
      
      <ish-sub-category-navigation
        ng-reflect-category="[object Object]"
        ng-reflect-sub-categories-depth="2"
      >
        
      </ish-sub-category-navigation>
    </li>
  </ul>
</div>
`;
